// Bun Snapshot v1, https://bun.sh/docs/test/snapshots

exports[`PrettyError render() should work 1`] = `
"    Error: expect(received).toBe(expected)
    
    Expected: "b"
    Received: "a"
    
    - toBe
    
    - pretty-error.test.ts:77 <anonymous>
      pretty-error.test.ts:77:21
    
    - pretty-error.test.ts:19 getCaughtError
      pretty-error.test.ts:19:7
    
    - pretty-error.test.ts:76 <anonymous>
      pretty-error.test.ts:76:18
    
"
`;

exports[`PrettyError render() should work 2`] = `
"    TypeError: Array.split is not a function. (In 'Array.split(Object)', 'Array.split' is undefined)
    
    - pretty-error.test.ts:81 <anonymous>
      pretty-error.test.ts:81:45
    
    - pretty-error.test.ts:19 getCaughtError
      pretty-error.test.ts:19:7
    
    - pretty-error.test.ts:81 <anonymous>
      pretty-error.test.ts:81:18
    
"
`;

exports[`PrettyError render() should work 3`] = `
"    Error: Plain error message
"
`;

exports[`PrettyError render() should work 4`] = `
"    Custom Error: Custom error message
"
`;

exports[`PrettyError render() should work 5`] = `
"    UnhandledRejection Error: Error with custom stack
"
`;

exports[`PrettyError render() should work 6`] = `
"    TypeError: PrettyError.someNonExistingFuncion is not a function. (In 'PrettyError.someNonExistingFuncion()', 'PrettyError.someNonExistingFuncion'     is undefined)
    
    - pretty-error.test.ts:100 <anonymous>
      pretty-error.test.ts:100:51
    
    - pretty-error.test.ts:19 getCaughtError
      pretty-error.test.ts:19:7
    
    - pretty-error.test.ts:100 <anonymous>
      pretty-error.test.ts:100:18
    
"
`;

exports[`PrettyError render() should render without colors 1`] = `
"  Error: no color
  
  - pretty-error.test.ts:108 <anonymous>
    pretty-error.test.ts:108:19
  
  - pretty-error.test.ts:19 getCaughtError
    pretty-error.test.ts:19:7
  
  - pretty-error.test.ts:107 <anonymous>
    pretty-error.test.ts:107:17
  
"
`;
